
Memory Configuration

Name             Origin             Length             Attributes
FLASH            0x00000000         0x00040000         xr
SRAM             0x20000000         0x00008000         xrw
*default*        0x00000000         0xffffffff

Linker script and memory map

LOAD main.o
LOAD tm4c123gxl_startup.o
                0x20008000                        _estack = (ORIGIN (SRAM) + LENGTH (SRAM))
                0x00000200                        __max_heap_size = 0x200
                0x00000400                        __max_stack_size = 0x400

.text           0x00000000      0x36c
                0x00000000                        . = ALIGN (0x4)
 *(.isr_vector_tbl)
 .isr_vector_tbl
                0x00000000      0x26c tm4c123gxl_startup.o
                0x00000000                vector_tbl
 *(.text)
 .text          0x0000026c       0x74 main.o
                0x0000026c                main
 .text          0x000002e0       0x8c tm4c123gxl_startup.o
                0x000002e0                HardFault_Handler
                0x000002e0                NMI_Handler
                0x000002e0                Default_Handler
                0x000002e0                MemManage_Handler
                0x000002e6                Reset_Handler
 *(.rodata)
                0x0000036c                        . = ALIGN (0x4)
                0x0000036c                        _etext = .

.glue_7         0x0000036c        0x0
 .glue_7        0x0000036c        0x0 linker stubs

.glue_7t        0x0000036c        0x0
 .glue_7t       0x0000036c        0x0 linker stubs

.vfp11_veneer   0x0000036c        0x0
 .vfp11_veneer  0x0000036c        0x0 linker stubs

.v4_bx          0x0000036c        0x0
 .v4_bx         0x0000036c        0x0 linker stubs

.iplt           0x0000036c        0x0
 .iplt          0x0000036c        0x0 tm4c123gxl_startup.o

.rel.dyn        0x0000036c        0x0
 .rel.iplt      0x0000036c        0x0 tm4c123gxl_startup.o

.data           0x20000000        0x0 load address 0x0000036c
                0x20000000                        . = ALIGN (0x4)
                0x20000000                        _sdata = .
 *(.data)
 .data          0x20000000        0x0 main.o
 .data          0x20000000        0x0 tm4c123gxl_startup.o
                0x20000000                        . = ALIGN (0x4)
                0x20000000                        _edata = .

.igot.plt       0x20000000        0x0 load address 0x0000036c
 .igot.plt      0x20000000        0x0 tm4c123gxl_startup.o

.bss            0x20000000        0x0 load address 0x0000036c
                0x20000000                        . = ALIGN (0x4)
                0x20000000                        _sbss = .
 *(.bss)
 .bss           0x20000000        0x0 main.o
 .bss           0x20000000        0x0 tm4c123gxl_startup.o
                0x20000000                        . = ALIGN (0x4)
                0x20000000                        _ebss = .
OUTPUT(blinky_with_linker.elf elf32-littlearm)
LOAD linker stubs

.comment        0x00000000       0x26
 .comment       0x00000000       0x26 main.o
                                 0x27 (size before relaxing)
 .comment       0x00000026       0x27 tm4c123gxl_startup.o

.ARM.attributes
                0x00000000       0x2e
 .ARM.attributes
                0x00000000       0x2e main.o
 .ARM.attributes
                0x0000002e       0x2e tm4c123gxl_startup.o
